// Jest Snapshot v1, https://goo.gl/fbAQLP

exports[`#render it renders correctly 1`] = `
<ProfileModal
  closeModal={[Function]}
  currentUser={Object {}}
  isOpen={false}
/>
`;
