// Jest Snapshot v1, https://goo.gl/fbAQLP

exports[`#render it renders correctly 1`] = `
<Translate(NotificationsContainer)
  event="Test"
  hide={[Function]}
  t={[Function]}
/>
`;
