// Jest Snapshot v1, https://goo.gl/fbAQLP

exports[`#render it renders correctly 1`] = `
<div>
  <div
    className="d-flex flex-sm-wrap-down mb-50"
  >
    <div>
      <span
        className="app-item__img app-item__img--md mr-40"
        style={
          Object {
            "backgroundImage": "url('undefined')",
          }
        }
      />
    </div>
    <div
      className="d-flex flex-wrap flex-grow-1 justify-content-between pt-15"
    >
      <div
        className="mb-30"
      >
        <p
          className="font-24 font-700 mb-10"
        >
          title
        </p>
        <RatingPreview
          average={0}
          className="mb-30"
          t={[Function]}
          total={0}
        />
        <ToggleFavorite
          addToFavorites={[Function]}
          application={
            Object {
              "address": "address",
              "description": "description",
              "email": "email",
              "founded": "2014-05-24",
              "id": "1",
              "phone": "phone",
              "review": 3,
              "slug": "slug",
              "summary": "summary",
              "title": "title",
              "website": "website",
            }
          }
          disabled={false}
          removeFromFavorites={[Function]}
        />
      </div>
      <div>
        <MainButton
          className=""
          color="blue"
          size="lg"
          type="button"
        >
          appProfile.requestDemo
        </MainButton>
      </div>
    </div>
  </div>
  <div
    className="mb-20"
  >
    <p
      className="font-20 font-700 mb-30"
    >
      appProfile.gallery.title
    </p>
    <p
      className="font-20 font-700"
    >
      appProfile.description.title
    </p>
    <p
      className="in-black-050"
    >
      description
    </p>
  </div>
  <div
    className="divider divider--dark mb-30"
  />
  <div>
    <p
      className="font-20 font-700"
    >
      appProfile.ratings.title
    </p>
    <div
      className="d-flex flex-wrap justify-content-between"
    >
      <ApplicationRating
        data={
          Object {
            "average": 0,
            "total": 0,
            "votes": Object {
              "1": 0,
              "2": 0,
              "3": 0,
              "4": 0,
              "5": 0,
            },
          }
        }
        t={[Function]}
      />
      <div>
        <Translate(SubmitReview)
          onSubmit={[Function]}
          review={3}
        />
        <Translate(RemoveReview)
          application={
            Object {
              "address": "address",
              "description": "description",
              "email": "email",
              "founded": "2014-05-24",
              "id": "1",
              "phone": "phone",
              "review": 3,
              "slug": "slug",
              "summary": "summary",
              "title": "title",
              "website": "website",
            }
          }
          deleteReview={[Function]}
          review={3}
        />
      </div>
    </div>
  </div>
  <div
    className="divider divider--dark mb-30"
  />
  <div>
    <p
      className="font-20 font-700"
    >
      appProfile.extra.title
    </p>
    <Row
      className="mb-15"
      tag="div"
    >
      <Col
        md="4"
        sm="6"
        tag="div"
        widths={
          Array [
            "xs",
            "sm",
            "md",
            "lg",
            "xl",
          ]
        }
        xs="12"
      >
        <p
          className="font-16 font-700 mb-5"
        >
          appProfile.extra.founded
        </p>
        <p
          className="in-black-050"
        >
          May, 24 2014
        </p>
      </Col>
      <Col
        md="4"
        sm="6"
        tag="div"
        widths={
          Array [
            "xs",
            "sm",
            "md",
            "lg",
            "xl",
          ]
        }
        xs="12"
      >
        <p
          className="font-16 font-700 mb-5"
        >
          appProfile.extra.email
        </p>
        <a
          className="in-black-050"
          href="mailto:email"
        >
          email
        </a>
      </Col>
      <Col
        md="4"
        sm="6"
        tag="div"
        widths={
          Array [
            "xs",
            "sm",
            "md",
            "lg",
            "xl",
          ]
        }
        xs="12"
      >
        <p
          className="font-16 font-700 mb-5"
        >
          appProfile.extra.website
        </p>
        <a
          className="in-black-050"
          href="website"
          target="_blank"
        >
          website
        </a>
      </Col>
      <Col
        md="4"
        sm="6"
        tag="div"
        widths={
          Array [
            "xs",
            "sm",
            "md",
            "lg",
            "xl",
          ]
        }
        xs="12"
      >
        <p
          className="font-16 font-700 mb-5"
        >
          appProfile.extra.phone
        </p>
        <a
          className="in-black-050"
          href="tel:phone"
        >
          phone
        </a>
      </Col>
      <Col
        md="4"
        sm="6"
        tag="div"
        widths={
          Array [
            "xs",
            "sm",
            "md",
            "lg",
            "xl",
          ]
        }
        xs="12"
      >
        <p
          className="font-16 font-700 mb-5"
        >
          appProfile.extra.address
        </p>
        <p
          className="in-black-050"
        >
          address
        </p>
      </Col>
    </Row>
  </div>
</div>
`;
