// Jest Snapshot v1, https://goo.gl/fbAQLP

exports[`#render it renders correctly 1`] = `
<Translate(ResetPasswordConfirmContainer)
  handleFormCancel={[Function]}
  resetPasswordConfirm={[Function]}
  t={[Function]}
/>
`;
