// Jest Snapshot v1, https://goo.gl/fbAQLP

exports[`#render it renders correctly 1`] = `
<Translate(ResetPasswordRequestContainer)
  handleFormCancel={[Function]}
  resetPasswordRequest={[Function]}
  t={[Function]}
/>
`;
