// Jest Snapshot v1, https://goo.gl/fbAQLP

exports[`#render it renders correctly 1`] = `
<button
  className="btn-with-icon "
  type="button"
>
  TestText
  <i
    className="icon icon-TestIcon btn-with-icon__icon"
  />
</button>
`;
