// Jest Snapshot v1, https://goo.gl/fbAQLP

exports[`#render it renders correctly 1`] = `
<div
  className="page-container"
>
  <Connect(HeaderContainer) />
  <main
    className="flex-grow-1"
  >
    <div>
      Hello
    </div>
  </main>
  <MainFooter />
  <Component />
</div>
`;
